MPLINK 5.09, LINKER
Linker Map File - Created Thu Sep 28 19:20:12 2023

                                 Section Info
                  Section       Type    Address   Location Size(Bytes)
                ---------  ---------  ---------  ---------  ---------
                   .org_0       code   0x000000    program   0x000010
                   .cinit    romdata   0x000010    program   0x000002
.config_300001_BUILD/DEFAULT/PRODUCTION/BASIC.O    romdata   0x300001    program   0x000001
.config_300003_BUILD/DEFAULT/PRODUCTION/BASIC.O    romdata   0x300003    program   0x000001



                              Program Memory Usage 
                               Start         End      
                           ---------   ---------      
                            0x000000    0x000011      
                            0x300001    0x300001      
                            0x300003    0x300003      
            20 out of 33048 program addresses used, program memory utilization is 0%



                              Symbols - Sorted by Name
                     Name    Address   Location    Storage File                     
                ---------  ---------  ---------  --------- ---------                
               Arithmetic   0x000004    program     static D:\MPLABProjects\Lab3.X\basic.asm
                  Logical   0x00000a    program     static D:\MPLABProjects\Lab3.X\basic.asm
                  initial   0x000000    program     static D:\MPLABProjects\Lab3.X\basic.asm



                              Symbols - Sorted by Address
                     Name    Address   Location    Storage File                     
                ---------  ---------  ---------  --------- ---------                
                  initial   0x000000    program     static D:\MPLABProjects\Lab3.X\basic.asm
               Arithmetic   0x000004    program     static D:\MPLABProjects\Lab3.X\basic.asm
                  Logical   0x00000a    program     static D:\MPLABProjects\Lab3.X\basic.asm


