MPLINK 5.09, LINKER
Linker Map File - Created Thu Oct 26 10:03:41 2023

                                 Section Info
                  Section       Type    Address   Location Size(Bytes)
                ---------  ---------  ---------  ---------  ---------
                   .org_0       code   0x000000    program   0x0001b8
                   .cinit    romdata   0x0001b8    program   0x000002
                    dbgP0       code   0x007dc0    program   0x000240
.config_300001_BUILD/DEFAULT/DEBUG/BONUS.O    romdata   0x300001    program   0x000001
.config_300003_BUILD/DEFAULT/DEBUG/BONUS.O    romdata   0x300003    program   0x000001
.config_300006_BUILD/DEFAULT/DEBUG/BONUS.O    romdata   0x300006    program   0x000001
                    dbgD0      udata   0x0005f4       data   0x00000c



                              Program Memory Usage 
                               Start         End      
                           ---------   ---------      
                            0x000000    0x0001b9      
                            0x007dc0    0x007fff      
                            0x300001    0x300001      
                            0x300003    0x300003      
                            0x300006    0x300006      
            1021 out of 33048 program addresses used, program memory utilization is 3%



                              Symbols - Sorted by Name
                     Name    Address   Location    Storage File                     
                ---------  ---------  ---------  --------- ---------                
                    Loop2   0x0000fe    program     static D:\MPLABProjects\Lab6.X\bonus.asm
                  _1LOOP1   0x00001e    program     static D:\MPLABProjects\Lab6.X\bonus.asm
                  _1LOOP2   0x00001a    program     static D:\MPLABProjects\Lab6.X\bonus.asm
                  _2LOOP1   0x00004c    program     static D:\MPLABProjects\Lab6.X\bonus.asm
                  _2LOOP2   0x000048    program     static D:\MPLABProjects\Lab6.X\bonus.asm
                  _3LOOP1   0x00007a    program     static D:\MPLABProjects\Lab6.X\bonus.asm
                  _3LOOP2   0x000076    program     static D:\MPLABProjects\Lab6.X\bonus.asm
                  _4LOOP1   0x0000a8    program     static D:\MPLABProjects\Lab6.X\bonus.asm
                  _4LOOP2   0x0000a4    program     static D:\MPLABProjects\Lab6.X\bonus.asm
                  _5LOOP1   0x0000d6    program     static D:\MPLABProjects\Lab6.X\bonus.asm
                  _5LOOP2   0x0000d2    program     static D:\MPLABProjects\Lab6.X\bonus.asm
                  _6LOOP1   0x000108    program     static D:\MPLABProjects\Lab6.X\bonus.asm
                  _6LOOP2   0x000104    program     static D:\MPLABProjects\Lab6.X\bonus.asm
                  _7LOOP1   0x000136    program     static D:\MPLABProjects\Lab6.X\bonus.asm
                  _7LOOP2   0x000132    program     static D:\MPLABProjects\Lab6.X\bonus.asm
                  _8LOOP1   0x000164    program     static D:\MPLABProjects\Lab6.X\bonus.asm
                  _8LOOP2   0x000160    program     static D:\MPLABProjects\Lab6.X\bonus.asm
                  _9LOOP1   0x000192    program     static D:\MPLABProjects\Lab6.X\bonus.asm
                  _9LOOP2   0x00018e    program     static D:\MPLABProjects\Lab6.X\bonus.asm
            check_process   0x000012    program     static D:\MPLABProjects\Lab6.X\bonus.asm
                      int   0x000000    program     static D:\MPLABProjects\Lab6.X\bonus.asm
              normal_loop   0x000042    program     static D:\MPLABProjects\Lab6.X\bonus.asm
            reversed_loop   0x0000fc    program     static D:\MPLABProjects\Lab6.X\bonus.asm
                    start   0x000000    program     static D:\MPLABProjects\Lab6.X\bonus.asm



                              Symbols - Sorted by Address
                     Name    Address   Location    Storage File                     
                ---------  ---------  ---------  --------- ---------                
                    start   0x000000    program     static D:\MPLABProjects\Lab6.X\bonus.asm
                      int   0x000000    program     static D:\MPLABProjects\Lab6.X\bonus.asm
            check_process   0x000012    program     static D:\MPLABProjects\Lab6.X\bonus.asm
                  _1LOOP2   0x00001a    program     static D:\MPLABProjects\Lab6.X\bonus.asm
                  _1LOOP1   0x00001e    program     static D:\MPLABProjects\Lab6.X\bonus.asm
              normal_loop   0x000042    program     static D:\MPLABProjects\Lab6.X\bonus.asm
                  _2LOOP2   0x000048    program     static D:\MPLABProjects\Lab6.X\bonus.asm
                  _2LOOP1   0x00004c    program     static D:\MPLABProjects\Lab6.X\bonus.asm
                  _3LOOP2   0x000076    program     static D:\MPLABProjects\Lab6.X\bonus.asm
                  _3LOOP1   0x00007a    program     static D:\MPLABProjects\Lab6.X\bonus.asm
                  _4LOOP2   0x0000a4    program     static D:\MPLABProjects\Lab6.X\bonus.asm
                  _4LOOP1   0x0000a8    program     static D:\MPLABProjects\Lab6.X\bonus.asm
                  _5LOOP2   0x0000d2    program     static D:\MPLABProjects\Lab6.X\bonus.asm
                  _5LOOP1   0x0000d6    program     static D:\MPLABProjects\Lab6.X\bonus.asm
            reversed_loop   0x0000fc    program     static D:\MPLABProjects\Lab6.X\bonus.asm
                    Loop2   0x0000fe    program     static D:\MPLABProjects\Lab6.X\bonus.asm
                  _6LOOP2   0x000104    program     static D:\MPLABProjects\Lab6.X\bonus.asm
                  _6LOOP1   0x000108    program     static D:\MPLABProjects\Lab6.X\bonus.asm
                  _7LOOP2   0x000132    program     static D:\MPLABProjects\Lab6.X\bonus.asm
                  _7LOOP1   0x000136    program     static D:\MPLABProjects\Lab6.X\bonus.asm
                  _8LOOP2   0x000160    program     static D:\MPLABProjects\Lab6.X\bonus.asm
                  _8LOOP1   0x000164    program     static D:\MPLABProjects\Lab6.X\bonus.asm
                  _9LOOP2   0x00018e    program     static D:\MPLABProjects\Lab6.X\bonus.asm
                  _9LOOP1   0x000192    program     static D:\MPLABProjects\Lab6.X\bonus.asm


