MPLINK 5.09, LINKER
Linker Map File - Created Mon Oct 23 12:05:57 2023

                                 Section Info
                  Section       Type    Address   Location Size(Bytes)
                ---------  ---------  ---------  ---------  ---------
                   .org_0       code   0x000000    program   0x0000c8
                   .cinit    romdata   0x0000c8    program   0x000002
.config_300001_BUILD/DEFAULT/DEBUG/BONUS.O    romdata   0x300001    program   0x000001
.config_300003_BUILD/DEFAULT/DEBUG/BONUS.O    romdata   0x300003    program   0x000001



                              Program Memory Usage 
                               Start         End      
                           ---------   ---------      
                            0x000000    0x0000c9      
                            0x300001    0x300001      
                            0x300003    0x300003      
            204 out of 33048 program addresses used, program memory utilization is 0%



                              Symbols - Sorted by Name
                     Name    Address   Location    Storage File                     
                ---------  ---------  ---------  --------- ---------                
                     Fact   0x00004c    program     static D:\MPLABProjects\Lab4.X\bonus.asm
       division_loop_high   0x00002e    program     static D:\MPLABProjects\Lab4.X\bonus.asm
        division_loop_low   0x00003e    program     static D:\MPLABProjects\Lab4.X\bonus.asm
                   finish   0x0000c8    program     static D:\MPLABProjects\Lab4.X\bonus.asm
                     fun1   0x00005c    program     static D:\MPLABProjects\Lab4.X\bonus.asm
                     fun2   0x000094    program     static D:\MPLABProjects\Lab4.X\bonus.asm
                  fun_fin   0x0000c6    program     static D:\MPLABProjects\Lab4.X\bonus.asm
                  initial   0x000000    program     static D:\MPLABProjects\Lab4.X\bonus.asm
                    loop1   0x000066    program     static D:\MPLABProjects\Lab4.X\bonus.asm
                    loop2   0x00009c    program     static D:\MPLABProjects\Lab4.X\bonus.asm
               minus_high   0x00001e    program     static D:\MPLABProjects\Lab4.X\bonus.asm



                              Symbols - Sorted by Address
                     Name    Address   Location    Storage File                     
                ---------  ---------  ---------  --------- ---------                
                  initial   0x000000    program     static D:\MPLABProjects\Lab4.X\bonus.asm
               minus_high   0x00001e    program     static D:\MPLABProjects\Lab4.X\bonus.asm
       division_loop_high   0x00002e    program     static D:\MPLABProjects\Lab4.X\bonus.asm
        division_loop_low   0x00003e    program     static D:\MPLABProjects\Lab4.X\bonus.asm
                     Fact   0x00004c    program     static D:\MPLABProjects\Lab4.X\bonus.asm
                     fun1   0x00005c    program     static D:\MPLABProjects\Lab4.X\bonus.asm
                    loop1   0x000066    program     static D:\MPLABProjects\Lab4.X\bonus.asm
                     fun2   0x000094    program     static D:\MPLABProjects\Lab4.X\bonus.asm
                    loop2   0x00009c    program     static D:\MPLABProjects\Lab4.X\bonus.asm
                  fun_fin   0x0000c6    program     static D:\MPLABProjects\Lab4.X\bonus.asm
                   finish   0x0000c8    program     static D:\MPLABProjects\Lab4.X\bonus.asm


