MPLINK 5.09, LINKER
Linker Map File - Created Mon Oct 23 15:01:35 2023

                                 Section Info
                  Section       Type    Address   Location Size(Bytes)
                ---------  ---------  ---------  ---------  ---------
                   .org_0       code   0x000000    program   0x000032
                   .cinit    romdata   0x000032    program   0x000002
.config_300001_BUILD/DEFAULT/PRODUCTION/BASIC.O    romdata   0x300001    program   0x000001
.config_300003_BUILD/DEFAULT/PRODUCTION/BASIC.O    romdata   0x300003    program   0x000001
.config_300006_BUILD/DEFAULT/PRODUCTION/BASIC.O    romdata   0x300006    program   0x000001



                              Program Memory Usage 
                               Start         End      
                           ---------   ---------      
                            0x000000    0x000033      
                            0x300001    0x300001      
                            0x300003    0x300003      
                            0x300006    0x300006      
            55 out of 33048 program addresses used, program memory utilization is 0%



                              Symbols - Sorted by Name
                     Name    Address   Location    Storage File                     
                ---------  ---------  ---------  --------- ---------                
                  _1LOOP1   0x00001c    program     static D:\MPLABProjects\Lab6.X\basic.asm
                  _1LOOP2   0x000018    program     static D:\MPLABProjects\Lab6.X\basic.asm
            check_process   0x00000c    program     static D:\MPLABProjects\Lab6.X\basic.asm
                      int   0x000000    program     static D:\MPLABProjects\Lab6.X\basic.asm
                  lightup   0x000012    program     static D:\MPLABProjects\Lab6.X\basic.asm
                    start   0x000000    program     static D:\MPLABProjects\Lab6.X\basic.asm



                              Symbols - Sorted by Address
                     Name    Address   Location    Storage File                     
                ---------  ---------  ---------  --------- ---------                
                      int   0x000000    program     static D:\MPLABProjects\Lab6.X\basic.asm
                    start   0x000000    program     static D:\MPLABProjects\Lab6.X\basic.asm
            check_process   0x00000c    program     static D:\MPLABProjects\Lab6.X\basic.asm
                  lightup   0x000012    program     static D:\MPLABProjects\Lab6.X\basic.asm
                  _1LOOP2   0x000018    program     static D:\MPLABProjects\Lab6.X\basic.asm
                  _1LOOP1   0x00001c    program     static D:\MPLABProjects\Lab6.X\basic.asm


