MPLINK 5.09, LINKER
Linker Map File - Created Thu Nov 23 09:20:25 2023

                                 Section Info
                  Section       Type    Address   Location Size(Bytes)
                ---------  ---------  ---------  ---------  ---------
                   .org_0       code   0x000000    program   0x000004
                   .cinit    romdata   0x000004    program   0x000002
                   .org_1       code   0x000008    program   0x0000d4
                    dbgP0       code   0x007dc0    program   0x000240
.config_300001_BUILD/DEFAULT/DEBUG/BONUS.O    romdata   0x300001    program   0x000001
.config_300002_BUILD/DEFAULT/DEBUG/BONUS.O    romdata   0x300002    program   0x000001
.config_300003_BUILD/DEFAULT/DEBUG/BONUS.O    romdata   0x300003    program   0x000001
.config_300005_BUILD/DEFAULT/DEBUG/BONUS.O    romdata   0x300005    program   0x000001
.config_300006_BUILD/DEFAULT/DEBUG/BONUS.O    romdata   0x300006    program   0x000001
.config_300008_BUILD/DEFAULT/DEBUG/BONUS.O    romdata   0x300008    program   0x000001
.config_300009_BUILD/DEFAULT/DEBUG/BONUS.O    romdata   0x300009    program   0x000001
.config_30000A_BUILD/DEFAULT/DEBUG/BONUS.O    romdata   0x30000a    program   0x000001
.config_30000B_BUILD/DEFAULT/DEBUG/BONUS.O    romdata   0x30000b    program   0x000001
.config_30000C_BUILD/DEFAULT/DEBUG/BONUS.O    romdata   0x30000c    program   0x000001
.config_30000D_BUILD/DEFAULT/DEBUG/BONUS.O    romdata   0x30000d    program   0x000001
                    dbgD0      udata   0x0005f4       data   0x00000c



                              Program Memory Usage 
                               Start         End      
                           ---------   ---------      
                            0x000000    0x000005      
                            0x000008    0x0000db      
                            0x007dc0    0x007fff      
                            0x300001    0x300003      
                            0x300005    0x300006      
                            0x300008    0x30000d      
            805 out of 33048 program addresses used, program memory utilization is 2%



                              Symbols - Sorted by Name
                     Name    Address   Location    Storage File                     
                ---------  ---------  ---------  --------- ---------                
                      ISR   0x000004    program     static D:\MPLABProjects\Lab7.X\bonus.asm
                  Initial   0x0000b2    program     static D:\MPLABProjects\Lab7.X\bonus.asm
                     _fin   0x0000ae    program     static D:\MPLABProjects\Lab7.X\bonus.asm
                    _next   0x000024    program     static D:\MPLABProjects\Lab7.X\bonus.asm
                   _reset   0x000020    program     static D:\MPLABProjects\Lab7.X\bonus.asm
         condition_button   0x000012    program     static D:\MPLABProjects\Lab7.X\bonus.asm
          condition_timer   0x000056    program     static D:\MPLABProjects\Lab7.X\bonus.asm
                      fin   0x000050    program     static D:\MPLABProjects\Lab7.X\bonus.asm
                     main   0x0000da    program     static D:\MPLABProjects\Lab7.X\bonus.asm
                     set1   0x000038    program     static D:\MPLABProjects\Lab7.X\bonus.asm
                     set2   0x000040    program     static D:\MPLABProjects\Lab7.X\bonus.asm
                     set3   0x000048    program     static D:\MPLABProjects\Lab7.X\bonus.asm
                   state1   0x000072    program     static D:\MPLABProjects\Lab7.X\bonus.asm
                   state2   0x00007e    program     static D:\MPLABProjects\Lab7.X\bonus.asm
             state2_reset   0x00008c    program     static D:\MPLABProjects\Lab7.X\bonus.asm
                   state3   0x000094    program     static D:\MPLABProjects\Lab7.X\bonus.asm
                   state4   0x0000a0    program     static D:\MPLABProjects\Lab7.X\bonus.asm



                              Symbols - Sorted by Address
                     Name    Address   Location    Storage File                     
                ---------  ---------  ---------  --------- ---------                
                      ISR   0x000004    program     static D:\MPLABProjects\Lab7.X\bonus.asm
         condition_button   0x000012    program     static D:\MPLABProjects\Lab7.X\bonus.asm
                   _reset   0x000020    program     static D:\MPLABProjects\Lab7.X\bonus.asm
                    _next   0x000024    program     static D:\MPLABProjects\Lab7.X\bonus.asm
                     set1   0x000038    program     static D:\MPLABProjects\Lab7.X\bonus.asm
                     set2   0x000040    program     static D:\MPLABProjects\Lab7.X\bonus.asm
                     set3   0x000048    program     static D:\MPLABProjects\Lab7.X\bonus.asm
                      fin   0x000050    program     static D:\MPLABProjects\Lab7.X\bonus.asm
          condition_timer   0x000056    program     static D:\MPLABProjects\Lab7.X\bonus.asm
                   state1   0x000072    program     static D:\MPLABProjects\Lab7.X\bonus.asm
                   state2   0x00007e    program     static D:\MPLABProjects\Lab7.X\bonus.asm
             state2_reset   0x00008c    program     static D:\MPLABProjects\Lab7.X\bonus.asm
                   state3   0x000094    program     static D:\MPLABProjects\Lab7.X\bonus.asm
                   state4   0x0000a0    program     static D:\MPLABProjects\Lab7.X\bonus.asm
                     _fin   0x0000ae    program     static D:\MPLABProjects\Lab7.X\bonus.asm
                  Initial   0x0000b2    program     static D:\MPLABProjects\Lab7.X\bonus.asm
                     main   0x0000da    program     static D:\MPLABProjects\Lab7.X\bonus.asm


