MPLINK 5.09, LINKER
Linker Map File - Created Thu Sep 21 09:26:15 2023

                                 Section Info
                  Section       Type    Address   Location Size(Bytes)
                ---------  ---------  ---------  ---------  ---------
                   .org_0       code   0x000000    program   0x0000c0
                   .cinit    romdata   0x0000c0    program   0x000002
.config_300001_BUILD/DEFAULT/DEBUG/BONUS.O    romdata   0x300001    program   0x000001
.config_300003_BUILD/DEFAULT/DEBUG/BONUS.O    romdata   0x300003    program   0x000001



                              Program Memory Usage 
                               Start         End      
                           ---------   ---------      
                            0x000000    0x0000c1      
                            0x300001    0x300001      
                            0x300003    0x300003      
            196 out of 33048 program addresses used, program memory utilization is 0%



                              Symbols - Sorted by Name
                     Name    Address   Location    Storage File                     
                ---------  ---------  ---------  --------- ---------                
                     Loop   0x0000a2    program     static D:\MPLABProjects\Lab2.X\bonus.asm
                    Loop1   0x00003a    program     static D:\MPLABProjects\Lab2.X\bonus.asm
                    Loop2   0x00006a    program     static D:\MPLABProjects\Lab2.X\bonus.asm
                    Next1   0x000042    program     static D:\MPLABProjects\Lab2.X\bonus.asm
                    Next2   0x000072    program     static D:\MPLABProjects\Lab2.X\bonus.asm
                    SWAP1   0x000086    program     static D:\MPLABProjects\Lab2.X\bonus.asm
                    SWAP2   0x000094    program     static D:\MPLABProjects\Lab2.X\bonus.asm
                  Set_num   0x0000b6    program     static D:\MPLABProjects\Lab2.X\bonus.asm
                      fin   0x0000aa    program     static D:\MPLABProjects\Lab2.X\bonus.asm
                  initial   0x000000    program     static D:\MPLABProjects\Lab2.X\bonus.asm
                     main   0x000022    program     static D:\MPLABProjects\Lab2.X\bonus.asm



                              Symbols - Sorted by Address
                     Name    Address   Location    Storage File                     
                ---------  ---------  ---------  --------- ---------                
                  initial   0x000000    program     static D:\MPLABProjects\Lab2.X\bonus.asm
                     main   0x000022    program     static D:\MPLABProjects\Lab2.X\bonus.asm
                    Loop1   0x00003a    program     static D:\MPLABProjects\Lab2.X\bonus.asm
                    Next1   0x000042    program     static D:\MPLABProjects\Lab2.X\bonus.asm
                    Loop2   0x00006a    program     static D:\MPLABProjects\Lab2.X\bonus.asm
                    Next2   0x000072    program     static D:\MPLABProjects\Lab2.X\bonus.asm
                    SWAP1   0x000086    program     static D:\MPLABProjects\Lab2.X\bonus.asm
                    SWAP2   0x000094    program     static D:\MPLABProjects\Lab2.X\bonus.asm
                     Loop   0x0000a2    program     static D:\MPLABProjects\Lab2.X\bonus.asm
                      fin   0x0000aa    program     static D:\MPLABProjects\Lab2.X\bonus.asm
                  Set_num   0x0000b6    program     static D:\MPLABProjects\Lab2.X\bonus.asm


