Microchip MPLAB XC8 Compiler V2.45

Linker command line:

-W-3 \
  --edf=D:\MPLAB\MPLAB XC8\Microchip\xc8\v2.45\pic\dat\20230818022343_en.msgs \
  -cn -h+dist/default/debug\Lab10.X.debug.sym \
  --cmf=dist/default/debug\Lab10.X.debug.cmf -z -Q18F4520 \
  -oC:\Users\USER\AppData\Local\Temp\xcAshbg.\driver_tmp_3.o \
  --defsym=__MPLAB_BUILD=1 --fixupoverflow=error \
  -Mdist/default/debug/Lab10.X.debug.map \
  --md=C:\Users\USER\AppData\Local\Temp\xcAshbg.\driver_tmp_0.dat -E1 \
  -ver=XC8 Compiler --acfsm=1493 -ACODE=00h-07DBFh -ACONST=00h-07DBFh \
  -ASMALLCONST=0600h-06FFhx119,07D00h-07DBFh -AMEDIUMCONST=0600h-07DBFh \
  -ACOMRAM=01h-07Fh -AABS1=00h-05F3h -ABIGRAM=01h-05F3h \
  -ARAM=080h-0FFh,0100h-01FFhx4,0500h-05F3h -ABANK0=080h-0FFh \
  -ABANK1=0100h-01FFh -ABANK2=0200h-02FFh -ABANK3=0300h-03FFh \
  -ABANK4=0400h-04FFh -ABANK5=0500h-05F3h \
  -ASFR=0F80h-0F9Bh,0F9Dh-0FD3h,0FD5h-0FDAh,0FE0h-0FE2h,0FE8h-0FEAh,0FF0h-0FFCh \
  -ABIGSFR=0F80h-0F9Bh,0F9Dh-0FD3h,0FD5h-0FDAh,0FE0h-0FE2h,0FE8h-0FEAh,0FF0h-0FFCh \
  -ACONFIG=0300000h-030000Dh -AIDLOC=0200000h-0200007h \
  -AEEDATA=0F00000h-0F000FFh -peeprom_data=EEDATA \
  -preset_vec=00h,intcode=08h,intcodelo=018h,powerup,init -pramtop=0600h \
  -psmallconst=SMALLCONST -pmediumconst=MEDIUMCONST -pconst=CONST \
  -AFARRAM=00h-00h \
  -prdata=COMRAM,nvrram=COMRAM,nvbit=COMRAM,rbss=COMRAM,rbit=COMRAM \
  -pfarbss=FARRAM,fardata=FARRAM,nvFARRAM=FARRAM \
  -pintsave_regs=BIGRAM,bigbss=BIGRAM,bigdata=BIGRAM -pbss=RAM \
  -pidata=CODE,irdata=CODE,ibigdata=CODE,ifardata=CODE -prparam=COMRAM \
  C:\Users\USER\AppData\Local\Temp\xcAshbg.\driver_tmp_14.o \
  dist/default/debug\Lab10.X.debug.o 

Object code version is 3.11

Machine type is 18F4520



                Name                               Link     Load   Length Selector   Space Scale
C:\Users\USER\AppData\Local\Temp\xcAshbg.\driver_tmp_14.o
                idloc                            200000   200000        8        0       5
                config                           300000   300000        E        0       4
                init                                 6C       6C        4        C       0
                reset_vec                             0        0        4        0       0
dist/default/debug\Lab10.X.debug.o
                intcodelo                            18       18       54        C       0
                intcode                               8        8        6        4       0
                idloc                            200000   200000        8        0       5
                config                           300000   300000        E        0       4
                temp                                 65       65        1        1       1
                smallconst                          600      600        6      300       0
                text27                              C06      C06       50      303       0
                text26                              E2A      E2A       16      303       0
                text25                              CCE      CCE       38      303       0
                text24                              7AE      7AE       C4      303       0
                text23                              D3A      D3A       34      303       0
                text22                              E64      E64        2      303       0
                text21                              9D4      9D4       AA      303       0
                text20                              924      924       B0      303       0
                text19                              606      606      1A8      303       0
                text18                              C94      C94       3A      303       0
                text17                              D06      D06       34      303       0
                intcode_body                        A7E      A7E       96      303       0
                text15                              DE6      DE6       18      303       0
                text14                              872      872       B2      303       0
                text13                              BA8      BA8       5E      303       0
                text11                              C56      C56       3E      303       0
                text10                              E5C      E5C        4      303       0
                text9                               E62      E62        2      303       0
                text8                               E60      E60        2      303       0
                text7                               E14      E14       16      303       0
                text6                               E40      E40        C      303       0
                text5                               E54      E54        8      303       0
                text4                               E4C      E4C        8      303       0
                text3                               DC4      DC4       22      303       0
                text2                               DFE      DFE       16      303       0
                text1                               D6E      D6E       2C      303       0
                text0                               B14      B14       94      303       0
                cstackCOMRAM                          1        1       3D        1       1
                cstackBANK0                          A8       A8       11       80       1
                bssBANK0                             80       80       28       80       1
                bssCOMRAM                            3E       3E       27        1       1
                cinit                               D9A      D9A       2A      303       0

TOTAL           Name                               Link     Load   Length     Space
        CLASS   CODE           
                intcodelo                            18       18       54         0
                intcode                               8        8        6         0
                init                                 6C       6C        4         0
                reset_vec                             0        0        4         0
                text27                              C06      C06       50         0
                text26                              E2A      E2A       16         0
                text25                              CCE      CCE       38         0
                text24                              7AE      7AE       C4         0
                text23                              D3A      D3A       34         0
                text22                              E64      E64        2         0
                text21                              9D4      9D4       AA         0
                text20                              924      924       B0         0
                text19                              606      606      1A8         0
                text18                              C94      C94       3A         0
                text17                              D06      D06       34         0
                intcode_body                        A7E      A7E       96         0
                text15                              DE6      DE6       18         0
                text14                              872      872       B2         0
                text13                              BA8      BA8       5E         0
                text11                              C56      C56       3E         0
                text10                              E5C      E5C        4         0
                text9                               E62      E62        2         0
                text8                               E60      E60        2         0
                text7                               E14      E14       16         0
                text6                               E40      E40        C         0
                text5                               E54      E54        8         0
                text4                               E4C      E4C        8         0
                text3                               DC4      DC4       22         0
                text2                               DFE      DFE       16         0
                text1                               D6E      D6E       2C         0
                text0                               B14      B14       94         0
                cinit                               D9A      D9A       2A         0

        CLASS   CONST          

        CLASS   SMALLCONST     
                smallconst                          600      600        6         0

        CLASS   MEDIUMCONST    

        CLASS   COMRAM         
                temp                                 65       65        1         1
                cstackCOMRAM                          1        1       3D         1
                bssCOMRAM                            3E       3E       27         1

        CLASS   ABS1           

        CLASS   BIGRAM         

        CLASS   RAM            

        CLASS   BANK0          
                cstackBANK0                          A8       A8       11         1
                bssBANK0                             80       80       28         1

        CLASS   BANK1          

        CLASS   BANK2          

        CLASS   BANK3          

        CLASS   BANK4          

        CLASS   BANK5          

        CLASS   SFR            

        CLASS   BIGSFR         

        CLASS   CONFIG         
                config                           300000   300000        E         4

        CLASS   IDLOC          
                idloc                            200000   200000        8         5

        CLASS   EEDATA         

        CLASS   FARRAM         

        CLASS   HEAP           

        CLASS   STACK          



SEGMENTS        Name                           Load    Length   Top    Selector   Space  Class

                reset_vec                      000000  000004  000004         0       0  CODE    
                cstackCOMRAM                   000001  000065  000066         1       1  COMRAM  
                intcode                        000008  000006  00000E         4       0  CODE    
                intcodelo                      000018  000058  000070         C       0  CODE    
                bssBANK0                       000080  000039  0000B9        80       1  BANK0   
                smallconst                     000600  000006  000606       300       0  SMALLCON
                text19                         000606  000860  000E66       303       0  CODE    


UNUSED ADDRESS RANGES

        Name                Unused          Largest block    Delta
        BANK0            0000B9-0000FF               47
        BANK1            000100-0001FF              100
        BANK2            000200-0002FF              100
        BANK3            000300-0003FF              100
        BANK4            000400-0004FF              100
        BANK5            000500-0005F3               F4
        BIGRAM           000066-00007F               1A
                         0000B9-0005F3              53B
        BIGSFR           000F80-000F9B               1C
                         000F9D-000FD3               37
                         000FD5-000FDA                6
                         000FE0-000FE2                3
                         000FE8-000FEA                3
                         000FF0-000FFC                D
        CODE             000004-000007                4
                         00000E-000017                A
                         000070-0005FF              590
                         000E66-007DBF             6F5A
        COMRAM           000066-00007F               1A
        CONST            000004-000007                4
                         00000E-000017                A
                         000070-0005FF              590
                         000E66-007DBF             6F5A
        EEDATA           F00000-F000FF              100
        MEDIUMCONST      000E66-007DBF             6F5A
        RAM              0000B9-0005F3              100
        SFR              000F80-000F9B               1C
                         000F9D-000FD3               37
                         000FD5-000FDA                6
                         000FE0-000FE2                3
                         000FE8-000FEA                3
                         000FF0-000FFC                D
        SMALLCONST       000E66-007DBF              100

                                  Symbol Table

?___awdiv                      cstackCOMRAM 000001
?___awmod                      cstackBANK0  0000A8
?_abs                          cstackCOMRAM 000007
?_sprintf                      cstackCOMRAM 00001A
?_vfprintf                     cstackCOMRAM 000016
?i2___awmod                    cstackCOMRAM 000001
ClearBuffer@i                  cstackBANK0  0000B4
DELAY@i                        cstackCOMRAM 000003
DELAY@j                        cstackCOMRAM 000005
DELAY@time                     cstackCOMRAM 000001
Hi_ISR@res                     cstackCOMRAM 000033
Hi_ISR@result                  cstackCOMRAM 00003D
UART_Write@data                cstackBANK0  0000A8
UART_Write_Text@i              cstackCOMRAM 000003
UART_Write_Text@text           cstackCOMRAM 000002
_ADCON0bits                    (abs)        000FC2
_ADCON1                        (abs)        000FC1
_ADCON2bits                    (abs)        000FC0
_ADC_Initialize                text7        000E14
_ADFM                          (abs)        007E07
_ADRESH                        (abs)        000FC4
_ADRESL                        (abs)        000FC3
_BAUDCONbits                   (abs)        000FB8
_CCP1CON                       (abs)        000FBD
_CCP1_Initialize               text6        000E40
_CREN                          (abs)        007D5C
_ClearBuffer                   text11       000C56
_DELAY                         text27       000C06
_GetString                     text10       000E5C
_Hi_ISR                        intcode      000008
_INTCONbits                    (abs)        000FF2
_INTERRUPT_Initialize          text5        000E54
_IPR1bits                      (abs)        000F9F
_IRCF0                         (abs)        007E9C
_IRCF1                         (abs)        007E9D
_IRCF2                         (abs)        007E9E
_LATA                          (abs)        000F89
_Lo_ISR                        intcodelo    000018
_Mode1                         text9        000E62
_Mode2                         text8        000E60
_MyusartRead                   text13       000BA8
_OSCILLATOR_Initialize         text4        000E4C
_PIE1bits                      (abs)        000F9D
_PIR1bits                      (abs)        000F9E
_PORTA                         (abs)        000F80
_RCIF                          (abs)        007CF5
_RCONbits                      (abs)        000FD0
_RCREG                         (abs)        000FAE
_RCSTAbits                     (abs)        000FAB
_SPBRG                         (abs)        000FAF
_SYSTEM_Initialize             text2        000DFE
_TRISA                         (abs)        000F92
_TRISAbits                     (abs)        000F92
_TRISB                         (abs)        000F93
_TRISCbits                     (abs)        000F94
_TXREG                         (abs)        000FAD
_TXSTAbits                     (abs)        000FAC
_UART_Initialize               text3        000DC4
_UART_Write                    text15       000DE6
_UART_Write_Text               text25       000CCE
__HRAM                         (abs)        000000
__H__absolute__                __absolute__ 000000
__Habs1                        abs1         000000
__Hbank0                       bank0        000000
__Hbank1                       bank1        000000
__Hbank2                       bank2        000000
__Hbank3                       bank3        000000
__Hbank4                       bank4        000000
__Hbank5                       bank5        000000
__Hbigbss                      bigbss       000000
__Hbigdata                     bigdata      000000
__Hbigram                      bigram       000000
__Hbigsfr                      bigsfr       000000
__Hbss                         bss          000000
__HbssBANK0                    bssBANK0     000000
__HbssCOMRAM                   bssCOMRAM    000000
__Hcinit                       cinit        000000
__Hclrtext                     clrtext      000000
__Hcomram                      comram       000000
__Hconfig                      config       30000E
__Hconst                       const        000000
__HcstackBANK0                 cstackBANK0  000000
__HcstackCOMRAM                cstackCOMRAM 000000
__Hdata                        data         000000
__Heeprom_data                 eeprom_data  000000
__Hfarbss                      farbss       000000
__Hfardata                     fardata      000000
__Hheap                        heap         000000
__Hibigdata                    ibigdata     000000
__Hidata                       idata        000000
__Hidloc                       idloc        200008
__Hifardata                    ifardata     000000
__Hinit                        init         000070
__Hintcode                     intcode      00000E
__Hintcode_body                intcode_body 000000
__Hintcodelo                   intcodelo    00006C
__Hintentry                    intentry     000000
__Hintret                      intret       000000
__Hintsave_regs                intsave_regs 000000
__Hirdata                      irdata       000000
__Hmediumconst                 mediumconst  000000
__HnvFARRAM                    nvFARRAM     000000
__Hnvbit                       nvbit        000000
__Hnvrram                      nvrram       000000
__Hparam                       rparam       000000
__Hpowerup                     powerup      00006C
__Hram                         ram          000000
__Hramtop                      ramtop       000600
__Hrbit                        rbit         000000
__Hrbss                        rbss         000000
__Hrdata                       rdata        000000
__Hreset_vec                   reset_vec    000004
__Hrparam                      rparam       000000
__Hsfr                         sfr          000000
__Hsmallconst                  smallconst   000606
__Hspace_0                     (abs)        000E66
__Hspace_1                     (abs)        0000B9
__Hspace_2                     (abs)        000000
__Hspace_4                     (abs)        60000E
__Hstack                       stack        000000
__Hstruct                      struct       000000
__Htemp                        temp         000066
__Htext                        text         000000
__Htext0                       text0        000000
__Htext1                       text1        000000
__Htext10                      text10       000000
__Htext11                      text11       000000
__Htext13                      text13       000000
__Htext14                      text14       000000
__Htext15                      text15       000000
__Htext17                      text17       000000
__Htext18                      text18       000000
__Htext19                      text19       000000
__Htext2                       text2        000000
__Htext20                      text20       000000
__Htext21                      text21       000000
__Htext22                      text22       000000
__Htext23                      text23       000000
__Htext24                      text24       000000
__Htext25                      text25       000000
__Htext26                      text26       000000
__Htext27                      text27       000000
__Htext3                       text3        000000
__Htext4                       text4        000000
__Htext5                       text5        000000
__Htext6                       text6        000000
__Htext7                       text7        000000
__Htext8                       text8        000000
__Htext9                       text9        000000
__LRAM                         (abs)        000001
__L__absolute__                __absolute__ 000000
__Labs1                        abs1         000000
__Lbank0                       bank0        000000
__Lbank1                       bank1        000000
__Lbank2                       bank2        000000
__Lbank3                       bank3        000000
__Lbank4                       bank4        000000
__Lbank5                       bank5        000000
__Lbigbss                      bigbss       000000
__Lbigdata                     bigdata      000000
__Lbigram                      bigram       000000
__Lbigsfr                      bigsfr       000000
__Lbss                         bss          000000
__LbssBANK0                    bssBANK0     000000
__LbssCOMRAM                   bssCOMRAM    000000
__Lcinit                       cinit        000000
__Lclrtext                     clrtext      000000
__Lcomram                      comram       000000
__Lconfig                      config       000000
__Lconst                       const        000000
__LcstackBANK0                 cstackBANK0  000000
__LcstackCOMRAM                cstackCOMRAM 000000
__Ldata                        data         000000
__Leeprom_data                 eeprom_data  000000
__Lfarbss                      farbss       000000
__Lfardata                     fardata      000000
__Lheap                        heap         000000
__Libigdata                    ibigdata     000000
__Lidata                       idata        000000
__Lidloc                       idloc        000000
__Lifardata                    ifardata     000000
__Linit                        init         00006C
__Lintcode                     intcode      000008
__Lintcode_body                intcode_body 000000
__Lintcodelo                   intcodelo    000018
__Lintentry                    intentry     000000
__Lintret                      intret       000000
__Lintsave_regs                intsave_regs 000000
__Lirdata                      irdata       000000
__Lmediumconst                 mediumconst  000000
__LnvFARRAM                    nvFARRAM     000000
__Lnvbit                       nvbit        000000
__Lnvrram                      nvrram       000000
__Lparam                       rparam       000000
__Lpowerup                     powerup      00006C
__Lram                         ram          000000
__Lramtop                      ramtop       000600
__Lrbit                        rbit         000000
__Lrbss                        rbss         000000
__Lrdata                       rdata        000000
__Lreset_vec                   reset_vec    000000
__Lrparam                      rparam       000000
__Lsfr                         sfr          000000
__Lsmallconst                  smallconst   000600
__Lspace_0                     (abs)        000000
__Lspace_1                     (abs)        000000
__Lspace_2                     (abs)        000000
__Lspace_4                     (abs)        000000
__Lstack                       stack        000000
__Lstruct                      struct       000000
__Ltemp                        temp         000065
__Ltext                        text         000000
__Ltext0                       text0        000000
__Ltext1                       text1        000000
__Ltext10                      text10       000000
__Ltext11                      text11       000000
__Ltext13                      text13       000000
__Ltext14                      text14       000000
__Ltext15                      text15       000000
__Ltext17                      text17       000000
__Ltext18                      text18       000000
__Ltext19                      text19       000000
__Ltext2                       text2        000000
__Ltext20                      text20       000000
__Ltext21                      text21       000000
__Ltext22                      text22       000000
__Ltext23                      text23       000000
__Ltext24                      text24       000000
__Ltext25                      text25       000000
__Ltext26                      text26       000000
__Ltext27                      text27       000000
__Ltext3                       text3        000000
__Ltext4                       text4        000000
__Ltext5                       text5        000000
__Ltext6                       text6        000000
__Ltext7                       text7        000000
__Ltext8                       text8        000000
__Ltext9                       text9        000000
__S0                           (abs)        000E66
__S1                           (abs)        0000B9
__S4                           (abs)        000000
__S5                           (abs)        000000
___awdiv                       text24       0007AE
___awdiv@counter               cstackCOMRAM 000005
___awdiv@dividend              cstackCOMRAM 000001
___awdiv@divisor               cstackCOMRAM 000003
___awdiv@quotient              cstackCOMRAM 000007
___awdiv@sign                  cstackCOMRAM 000006
___awmod                       text14       000872
___awmod@counter               cstackBANK0  0000AC
___awmod@dividend              cstackBANK0  0000A8
___awmod@divisor               cstackBANK0  0000AA
___awmod@sign                  cstackBANK0  0000AD
___heap_hi                     (abs)        000000
___heap_lo                     (abs)        000000
___inthi_sp                    stack        000000
___inthi_stack_hi              stack        000000
___inthi_stack_lo              stack        000000
___intlo_sp                    stack        000000
___intlo_stack_hi              stack        000000
___intlo_stack_lo              stack        000000
___param_bank                  (abs)        000000
___rparam_used                 (abs)        000001
___sp                          stack        000000
___stack_hi                    stack        000000
___stack_lo                    stack        000000
__accesstop                    (abs)        000080
__activetblptr                 (abs)        000001
__end_of_ADC_Initialize        text7        000E2A
__end_of_CCP1_Initialize       text6        000E4C
__end_of_ClearBuffer           text11       000C94
__end_of_DELAY                 text27       000C56
__end_of_GetString             text10       000E60
__end_of_Hi_ISR                intcode_body 000B14
__end_of_INTERRUPT_Initialize  text5        000E5C
__end_of_Lo_ISR                intcodelo    00006C
__end_of_Mode1                 text9        000E64
__end_of_Mode2                 text8        000E62
__end_of_MyusartRead           text13       000C06
__end_of_OSCILLATOR_Initialize text4        000E54
__end_of_SYSTEM_Initialize     text2        000E14
__end_of_UART_Initialize       text3        000DE6
__end_of_UART_Write            text15       000DFE
__end_of_UART_Write_Text       text25       000D06
__end_of___awdiv               text24       000872
__end_of___awmod               text14       000924
__end_of__initialization       cinit        000DB2
__end_of_abs                   text23       000D6E
__end_of_fputc                 text21       000A7E
__end_of_main                  text0        000BA8
__end_of_putch                 text22       000E66
__end_of_sprintf               text17       000D3A
__end_of_strcpy                text1        000D9A
__end_of_vfpfcnvrt             text19       0007AE
__end_of_vfprintf              text18       000CCE
__end_ofi2_UART_Write          text26       000E40
__end_ofi2___awmod             text20       0009D4
__initialization               cinit        000D9A
__mediumconst                  mediumconst  000000
__pbssBANK0                    bssBANK0     000080
__pbssCOMRAM                   bssCOMRAM    00003E
__pcinit                       cinit        000D9A
__pcstackBANK0                 cstackBANK0  0000A8
__pcstackCOMRAM                cstackCOMRAM 000001
__pintcode                     intcode      000008
__pintcode_body                intcode_body 000A7E
__pintcodelo                   intcodelo    000018
__psmallconst                  smallconst   000600
__ptext0                       text0        000B14
__ptext1                       text1        000D6E
__ptext10                      text10       000E5C
__ptext11                      text11       000C56
__ptext13                      text13       000BA8
__ptext14                      text14       000872
__ptext15                      text15       000DE6
__ptext17                      text17       000D06
__ptext18                      text18       000C94
__ptext19                      text19       000606
__ptext2                       text2        000DFE
__ptext20                      text20       000924
__ptext21                      text21       0009D4
__ptext22                      text22       000E64
__ptext23                      text23       000D3A
__ptext24                      text24       0007AE
__ptext25                      text25       000CCE
__ptext26                      text26       000E2A
__ptext27                      text27       000C06
__ptext3                       text3        000DC4
__ptext4                       text4        000E4C
__ptext5                       text5        000E54
__ptext6                       text6        000E40
__ptext7                       text7        000E14
__ptext8                       text8        000E60
__ptext9                       text9        000E62
__ramtop                       ramtop       000600
__smallconst                   smallconst   000600
_abs                           text23       000D3A
_dbuf                          bssCOMRAM    00003E
_flags                         bssCOMRAM    000064
_fputc                         text21       0009D4
_lenStr                        bssCOMRAM    000062
_main                          text0        000B14
_mystring                      bssBANK0     000080
_prec                          bssCOMRAM    000060
_putch                         text22       000E64
_sprintf                       text17       000D06
_str                           bssBANK0     000094
_strcpy                        text1        000D6E
_vfpfcnvrt                     text19       000606
_vfprintf                      text18       000C94
_width                         bssCOMRAM    00005E
abs@a                          cstackCOMRAM 000007
btemp                          temp         000065
end_of_initialization          cinit        000DB2
fputc@c                        cstackCOMRAM 000001
fputc@fp                       cstackCOMRAM 000003
i2UART_Write@data              cstackCOMRAM 000001
i2_UART_Write                  text26       000E2A
i2___awmod                     text20       000924
i2___awmod@counter             cstackCOMRAM 000005
i2___awmod@dividend            cstackCOMRAM 000001
i2___awmod@divisor             cstackCOMRAM 000003
i2___awmod@sign                cstackCOMRAM 000006
int$flags                      temp         000065
int_func                       intcode_body 000A7E
intlevel0                      text         000000
intlevel1                      text         000000
intlevel2                      text         000000
intlevel3                      text         000000
isa$std                        (abs)        000001
isa$xinst                      (abs)        000000
sprintf@ap                     cstackCOMRAM 00001E
sprintf@f                      cstackCOMRAM 00001F
sprintf@fmt                    cstackCOMRAM 00001B
sprintf@s                      cstackCOMRAM 00001A
stackhi                        (abs)        000000
stacklo                        (abs)        000000
start                          init         00006C
start_initialization           cinit        000D9A
strcpy@d                       cstackBANK0  0000B8
strcpy@dest                    cstackBANK0  0000B6
strcpy@src                     cstackBANK0  0000B7
ttemp5                         temp         000066
ttemp6                         temp         000069
ttemp7                         temp         00006D
vfpfcnvrt@ap                   cstackCOMRAM 00000D
vfpfcnvrt@c                    cstackCOMRAM 000015
vfpfcnvrt@convarg              cstackCOMRAM 000011
vfpfcnvrt@cp                   cstackCOMRAM 000010
vfpfcnvrt@done                 cstackCOMRAM 00000F
vfpfcnvrt@fmt                  cstackCOMRAM 00000C
vfpfcnvrt@fp                   cstackCOMRAM 00000B
vfprintf@ap                    cstackCOMRAM 000018
vfprintf@cfmt                  cstackCOMRAM 000019
vfprintf@fmt                   cstackCOMRAM 000017
vfprintf@fp                    cstackCOMRAM 000016
wtemp8                         temp         000066


MODULE INFORMATION

Module		Function		Class		Link	Load	Size
D:\MPLAB\MPLAB XC8\Microchip\xc8\v2.45\pic\sources\c99\common\putch.c
		_putch         		CODE           	0E64	0000	2

D:\MPLAB\MPLAB XC8\Microchip\xc8\v2.45\pic\sources\c99\common\putch.c estimated size: 2

setting_hardaware/interrupt_manager.c
		_INTERRUPT_Initialize		CODE           	0E54	0000	8

setting_hardaware/interrupt_manager.c estimated size: 8

setting_hardaware/uart.c
		_Lo_ISR        		CODE           	0018	0000	84
		_MyusartRead   		CODE           	0BA8	0000	94
		_UART_Write_Text		CODE           	0CCE	0000	56
		_GetString     		CODE           	0E5C	0000	4
		_ClearBuffer   		CODE           	0C56	0000	62
		_UART_Initialize		CODE           	0DC4	0000	34
		_UART_Write    		CODE           	0DE6	0000	24

setting_hardaware/uart.c estimated size: 358

D:\MPLAB\MPLAB XC8\Microchip\xc8\v2.45\pic\sources\c99\common\awmod.c
		___awmod       		CODE           	0872	0000	178

D:\MPLAB\MPLAB XC8\Microchip\xc8\v2.45\pic\sources\c99\common\awmod.c estimated size: 178

D:\MPLAB\MPLAB XC8\Microchip\xc8\v2.45\pic\sources\c99\common\doprnt.c
		_vfpfcnvrt     		CODE           	0606	0000	424
		_vfprintf      		CODE           	0C94	0000	58

D:\MPLAB\MPLAB XC8\Microchip\xc8\v2.45\pic\sources\c99\common\doprnt.c estimated size: 482

setting_hardaware/ccp1.c
		_CCP1_Initialize		CODE           	0E40	0000	12

setting_hardaware/ccp1.c estimated size: 12

setting_hardaware/adc.c
		_ADC_Initialize		CODE           	0E14	0000	22

setting_hardaware/adc.c estimated size: 22

D:\MPLAB\MPLAB XC8\Microchip\xc8\v2.45\pic\sources\c99\common\nf_fputc.c
		_fputc         		CODE           	09D4	0000	170

D:\MPLAB\MPLAB XC8\Microchip\xc8\v2.45\pic\sources\c99\common\nf_fputc.c estimated size: 170

shared
		i2_UART_Write  		CODE           	0E2A	0000	22
		__initialization		CODE           	0D9A	0000	24
		i2___awmod     		CODE           	0924	0000	176

shared estimated size: 222

D:\MPLAB\MPLAB XC8\Microchip\xc8\v2.45\pic\sources\c99\common\awdiv.c
		___awdiv       		CODE           	07AE	0000	196

D:\MPLAB\MPLAB XC8\Microchip\xc8\v2.45\pic\sources\c99\common\awdiv.c estimated size: 196

setting_hardaware/setting.c
		_OSCILLATOR_Initialize		CODE           	0E4C	0000	8
		_SYSTEM_Initialize		CODE           	0DFE	0000	22

setting_hardaware/setting.c estimated size: 30

D:\MPLAB\MPLAB XC8\Microchip\xc8\v2.45\pic\sources\c99\common\abs.c
		_abs           		CODE           	0D3A	0000	52

D:\MPLAB\MPLAB XC8\Microchip\xc8\v2.45\pic\sources\c99\common\abs.c estimated size: 52

D:\MPLAB\MPLAB XC8\Microchip\xc8\v2.45\pic\sources\c99\common\nf_sprintf.c
		_sprintf       		CODE           	0D06	0000	52

D:\MPLAB\MPLAB XC8\Microchip\xc8\v2.45\pic\sources\c99\common\nf_sprintf.c estimated size: 52

main.c
		_main          		CODE           	0B14	0000	148
		_DELAY         		CODE           	0C06	0000	80
		_Mode1         		CODE           	0E62	0000	2
		_Mode2         		CODE           	0E60	0000	2
		_Hi_ISR        		CODE           	0008	0000	156

main.c estimated size: 388

D:\MPLAB\MPLAB XC8\Microchip\xc8\v2.45\pic\sources\c99\common\strcpy.c
		_strcpy        		CODE           	0D6E	0000	44

D:\MPLAB\MPLAB XC8\Microchip\xc8\v2.45\pic\sources\c99\common\strcpy.c estimated size: 44

